C51 COMPILER V9.52.0.0   DELAY                                                             11/24/2015 13:41:29 PAGE 1   


C51 COMPILER V9.52.0.0, COMPILATION OF MODULE DELAY
OBJECT MODULE PLACED IN .\HEX\delay.obj
COMPILER INVOKED BY: C:\Keil_v5\C51\BIN\C51.EXE Device\Source\delay.c BROWSE INCDIR(..\TESTKIT89S52V2;.\Device\Include;.
                    -\Main\Include;.\ProjectLib\Include) DEBUG OBJECTEXTEND PRINT(.\delay.lst) TABS(2) OBJECT(.\HEX\delay.obj)

line level    source

   1          /* -------------------------------------------------
   2            PROJECT GPIO: Dieu khien LED don bang NUT BAM
   3            COMPANY:      MINHHAGROUP
   4            WEB:          BANLINHKIEN.VN
   5            FILE:         delay.c
   6            -------------------------------------------------- */
   7          #include <main.h>
   8          
   9          void delay_ms(unsigned int Time)
  10          {
  11   1        unsigned int i,j,t;
  12   1        t=Time;
  13   1        for(i=0;i<t;i++)
  14   1        {
  15   2          for(j=0;j<125;j++);
  16   2        }
  17   1      }
  18          void delay_us(unsigned int Time)
  19          {
  20   1        unsigned int i,j;
  21   1        for(i=0;i<Time;i++)
  22   1        {
  23   2          for(j=0;j<2;j++);
  24   2        }
  25   1      } 


MODULE INFORMATION:   STATIC OVERLAYABLE
   CODE SIZE        =     64    ----
   CONSTANT SIZE    =   ----    ----
   XDATA SIZE       =   ----    ----
   PDATA SIZE       =   ----    ----
   DATA SIZE        =   ----    ----
   IDATA SIZE       =   ----    ----
   BIT SIZE         =   ----    ----
END OF MODULE INFORMATION.


C51 COMPILATION COMPLETE.  0 WARNING(S),  0 ERROR(S)
