BL51 BANKED LINKER/LOCATER V6.22                                                        11/24/2015  13:41:31  PAGE 1


BL51 BANKED LINKER/LOCATER V6.22, INVOKED BY:
C:\KEIL_V5\C51\BIN\BL51.EXE .\HEX\STARTUP.obj, .\HEX\main.obj, .\HEX\delay.obj, .\HEX\lcd1602.obj, .\HEX\uart.obj, .\HEX
>> \ds18b20.obj, .\HEX\timer.obj, .\HEX\Control.obj TO .\HEX\TEST89S52V2 PRINT (.\TEST89S52V2.m51) RAMSIZE (256)


MEMORY MODEL: SMALL WITH FLOATING POINT ARITHMETIC


INPUT MODULES INCLUDED:
  .\HEX\STARTUP.obj (?C_STARTUP)
  .\HEX\main.obj (MAIN)
  .\HEX\delay.obj (DELAY)
  .\HEX\lcd1602.obj (LCD1602)
  .\HEX\uart.obj (UART)
  .\HEX\ds18b20.obj (DS18B20)
  .\HEX\timer.obj (TIMER)
  .\HEX\Control.obj (CONTROL)
  C:\KEIL_V5\C51\LIB\C51FPS.LIB (?C?FPADD)
  C:\KEIL_V5\C51\LIB\C51FPS.LIB (?C?FPDIV)
  C:\KEIL_V5\C51\LIB\C51FPS.LIB (?C?FCAST)
  C:\KEIL_V5\C51\LIB\C51FPS.LIB (PRINTF)
  C:\KEIL_V5\C51\LIB\C51FPS.LIB (?C?FPGETOPN)
  C:\KEIL_V5\C51\LIB\C51FPS.LIB (?C?FPROUND)
  C:\KEIL_V5\C51\LIB\C51FPS.LIB (?C?FPCONVERT)
  C:\KEIL_V5\C51\LIB\C51FPS.LIB (?C?FPMUL)
  C:\KEIL_V5\C51\LIB\C51FPS.LIB (?C?FTNPWR)
  C:\KEIL_V5\C51\LIB\C51S.LIB (?C_INIT)
  C:\KEIL_V5\C51\LIB\C51S.LIB (?C?CLDPTR)
  C:\KEIL_V5\C51\LIB\C51S.LIB (?C?CLDOPTR)
  C:\KEIL_V5\C51\LIB\C51S.LIB (?C?CSTPTR)
  C:\KEIL_V5\C51\LIB\C51S.LIB (?C?ULDIV)
  C:\KEIL_V5\C51\LIB\C51S.LIB (?C?LNEG)
  C:\KEIL_V5\C51\LIB\C51S.LIB (?C?ULCMP)
  C:\KEIL_V5\C51\LIB\C51S.LIB (?C?PLDIIDATA)
  C:\KEIL_V5\C51\LIB\C51S.LIB (?C?CCASE)
  C:\KEIL_V5\C51\LIB\C51S.LIB (PUTCHAR)


LINK MAP OF MODULE:  .\HEX\TEST89S52V2 (?C_STARTUP)


            TYPE    BASE      LENGTH    RELOCATION   SEGMENT NAME
            -----------------------------------------------------

            * * * * * * *   D A T A   M E M O R Y   * * * * * * *
            REG     0000H     0008H     ABSOLUTE     "REG BANK 0"
            DATA    0008H     000AH     UNIT         ?DT?CONTROL
            DATA    0012H     0001H     UNIT         ?DT?UART
                    0013H     000DH                  *** GAP ***
            BIT     0020H.0   0001H.1   UNIT         _BIT_GROUP_
            BIT     0021H.1   0000H.1   UNIT         ?BI?DS18B20
                    0021H.2   0000H.6                *** GAP ***
            DATA    0022H     003EH     UNIT         _DATA_GROUP_
            IDATA   0060H     0001H     UNIT         ?STACK

            * * * * * * *   C O D E   M E M O R Y   * * * * * * *
            CODE    0000H     0003H     ABSOLUTE     
            CODE    0003H     0020H     UNIT         ?PR?_DELAY_MS?DELAY
BL51 BANKED LINKER/LOCATER V6.22                                                      11/24/2015  13:41:31  PAGE 2


            CODE    0023H     0003H     ABSOLUTE     
            CODE    0026H     0643H     UNIT         ?C?LIB_CODE
            CODE    0669H     046FH     UNIT         ?PR?PRINTF?PRINTF
            CODE    0AD8H     0118H     UNIT         ?PR?TEST_LED_DON?CONTROL
            CODE    0BF0H     00FFH     UNIT         ?PR?_LED7_DISPLAY1?CONTROL
            CODE    0CEFH     00A6H     UNIT         ?CO?CONTROL
            CODE    0D95H     00A5H     UNIT         ?PR?TEST_LED7?CONTROL
            CODE    0E3AH     008CH     UNIT         ?C_C51STARTUP
            CODE    0EC6H     0081H     UNIT         ?PR?TEST_HN_IR1838T?CONTROL
            CODE    0F47H     0078H     UNIT         ?PR?DS18B20_READTEMP?DS18B20
            CODE    0FBFH     0057H     UNIT         ?PR?TEST_DS18B20?CONTROL
            CODE    1016H     004AH     UNIT         ?PR?TEST_UART?CONTROL
            CODE    1060H     003EH     UNIT         ?PR?LCD1602_INIT?LCD1602
            CODE    109EH     003EH     UNIT         ?PR?TEST_COICHIP_RELAY?CONTROL
            CODE    10DCH     003CH     UNIT         ?PR?TEST_KEY_2X2?CONTROL
            CODE    1118H     003AH     UNIT         ?PR?INFR_GETCODE?TIMER
            CODE    1152H     002BH     UNIT         ?PR?DS18B20_INIT?DS18B20
            CODE    117DH     002BH     UNIT         ?PR?DS18B20_READBYTE?DS18B20
            CODE    11A8H     0028H     UNIT         ?PR?_DS18B20_WRITEBYTE?DS18B20
            CODE    11D0H     0027H     UNIT         ?PR?_LCD1602_PUTS?LCD1602
            CODE    11F7H     0027H     UNIT         ?PR?PUTCHAR?PUTCHAR
            CODE    121EH     0025H     UNIT         ?PR?TEST_LCD16X2?CONTROL
            CODE    1243H     0022H     UNIT         ?PR?_LCD1602_GOTOXY?LCD1602
            CODE    1265H     0020H     UNIT         ?PR?_DELAY_US?DELAY
            CODE    1285H     001EH     UNIT         ?PR?INFR_CHECKSTART?TIMER
            CODE    12A3H     001CH     UNIT         ?PR?_LCD1602_SEND_4BIT_DATA?LCD1602
            CODE    12BFH     0018H     UNIT         ?PR?UART_INIT?UART
            CODE    12D7H     0015H     UNIT         ?PR?LCD1602_ENABLE?LCD1602
            CODE    12ECH     0013H     UNIT         ?PR?_LCD1602_SEND_COMMAND?LCD1602
            CODE    12FFH     0013H     UNIT         ?PR?_UART_PUTS?UART
            CODE    1312H     0012H     UNIT         ?PR?DELAY_TIMER_500US?TIMER
            CODE    1324H     0012H     UNIT         ?PR?DELAY_TIMER_200US?TIMER
            CODE    1336H     0012H     UNIT         ?PR?DELAY_TIMER_750US?TIMER
            CODE    1348H     0011H     UNIT         ?PR?MAIN?MAIN
            CODE    1359H     000DH     UNIT         ?C_INITSEG
            CODE    1366H     000AH     UNIT         ?PR?_UART_PUTCHAR?UART
            CODE    1370H     000AH     UNIT         ?PR?UART_GETCHAR?UART
            CODE    137AH     0009H     UNIT         ?PR?NGAT_UART?UART
            CODE    1383H     0008H     UNIT         ?PR?_LCD1602_PUTCHAR?LCD1602
            CODE    138BH     0005H     UNIT         ?PR?LCD1602_CLEAR?LCD1602



OVERLAY MAP OF MODULE:   .\HEX\TEST89S52V2 (?C_STARTUP)


SEGMENT                                        BIT_GROUP          DATA_GROUP 
  +--> CALLED SEGMENT                       START    LENGTH     START    LENGTH
-------------------------------------------------------------------------------
?C_C51STARTUP                               -----    -----      -----    -----
  +--> ?PR?MAIN?MAIN
  +--> ?C_INITSEG

?PR?MAIN?MAIN                               -----    -----      -----    -----
  +--> ?PR?TEST_LCD16X2?CONTROL
  +--> ?PR?_DELAY_MS?DELAY
  +--> ?PR?TEST_KEY_2X2?CONTROL
BL51 BANKED LINKER/LOCATER V6.22                                                      11/24/2015  13:41:31  PAGE 3



?PR?TEST_LCD16X2?CONTROL                    -----    -----      -----    -----
  +--> ?PR?LCD1602_INIT?LCD1602
  +--> ?PR?LCD1602_CLEAR?LCD1602
  +--> ?PR?_LCD1602_GOTOXY?LCD1602
  +--> ?CO?CONTROL
  +--> ?PR?_LCD1602_PUTS?LCD1602

?PR?LCD1602_INIT?LCD1602                    -----    -----      -----    -----
  +--> ?PR?_LCD1602_SEND_4BIT_DATA?LCD1602
  +--> ?PR?_DELAY_MS?DELAY
  +--> ?PR?LCD1602_ENABLE?LCD1602
  +--> ?PR?_LCD1602_SEND_COMMAND?LCD1602

?PR?LCD1602_ENABLE?LCD1602                  -----    -----      -----    -----
  +--> ?PR?_LCD1602_SEND_4BIT_DATA?LCD1602
  +--> ?PR?_DELAY_US?DELAY

?PR?_LCD1602_SEND_COMMAND?LCD1602           -----    -----      0047H    0001H
  +--> ?PR?LCD1602_ENABLE?LCD1602
  +--> ?PR?_LCD1602_SEND_4BIT_DATA?LCD1602

?PR?LCD1602_CLEAR?LCD1602                   -----    -----      -----    -----
  +--> ?PR?_LCD1602_SEND_COMMAND?LCD1602

?PR?_LCD1602_GOTOXY?LCD1602                 -----    -----      0044H    0001H
  +--> ?PR?_DELAY_MS?DELAY
  +--> ?PR?_LCD1602_SEND_COMMAND?LCD1602

?PR?_LCD1602_PUTS?LCD1602                   -----    -----      0044H    0003H
  +--> ?PR?_LCD1602_PUTCHAR?LCD1602

?PR?_LCD1602_PUTCHAR?LCD1602                -----    -----      -----    -----
  +--> ?PR?_LCD1602_SEND_COMMAND?LCD1602

?PR?TEST_KEY_2X2?CONTROL                    -----    -----      -----    -----
  +--> ?PR?_DELAY_US?DELAY
  +--> ?PR?_DELAY_MS?DELAY
  +--> ?PR?TEST_UART?CONTROL
  +--> ?PR?TEST_LED7?CONTROL
  +--> ?PR?TEST_DS18B20?CONTROL
  +--> ?PR?TEST_HN_IR1838T?CONTROL

?PR?TEST_UART?CONTROL                       -----    -----      0022H    0001H
  +--> ?PR?UART_INIT?UART
  +--> ?CO?CONTROL
  +--> ?PR?_UART_PUTS?UART
  +--> ?PR?LCD1602_INIT?LCD1602
  +--> ?PR?LCD1602_CLEAR?LCD1602
  +--> ?PR?_LCD1602_GOTOXY?LCD1602
  +--> ?PR?_LCD1602_PUTS?LCD1602
  +--> ?PR?_DELAY_MS?DELAY
  +--> ?PR?UART_GETCHAR?UART
  +--> ?PR?_LCD1602_PUTCHAR?LCD1602

?PR?_UART_PUTS?UART                         -----    -----      -----    -----
  +--> ?PR?_UART_PUTCHAR?UART
BL51 BANKED LINKER/LOCATER V6.22                                                      11/24/2015  13:41:31  PAGE 4



?PR?TEST_LED7?CONTROL                       -----    -----      0022H    0003H
  +--> ?PR?LCD1602_INIT?LCD1602
  +--> ?PR?LCD1602_CLEAR?LCD1602
  +--> ?PR?_LCD1602_GOTOXY?LCD1602
  +--> ?CO?CONTROL
  +--> ?PR?_LCD1602_PUTS?LCD1602
  +--> ?PR?_DELAY_MS?DELAY
  +--> ?PR?_LED7_DISPLAY1?CONTROL

?PR?_LED7_DISPLAY1?CONTROL                  -----    -----      0025H    0008H
  +--> ?PR?_DELAY_MS?DELAY

?PR?TEST_DS18B20?CONTROL                    -----    -----      0022H    0022H
  +--> ?PR?LCD1602_INIT?LCD1602
  +--> ?PR?LCD1602_CLEAR?LCD1602
  +--> ?PR?DS18B20_READTEMP?DS18B20
  +--> ?PR?_LCD1602_GOTOXY?LCD1602
  +--> ?CO?CONTROL
  +--> ?PR?_LCD1602_PUTS?LCD1602
  +--> ?PR?PRINTF?PRINTF
  +--> ?PR?_DELAY_MS?DELAY

?PR?DS18B20_READTEMP?DS18B20                -----    -----      0044H    0005H
  +--> ?PR?DS18B20_INIT?DS18B20
  +--> ?PR?_DS18B20_WRITEBYTE?DS18B20
  +--> ?PR?DS18B20_READBYTE?DS18B20

?PR?DS18B20_INIT?DS18B20                    -----    -----      -----    -----
  +--> ?PR?_DELAY_US?DELAY

?PR?_DS18B20_WRITEBYTE?DS18B20              -----    -----      0049H    0002H
  +--> ?PR?_DELAY_US?DELAY

?PR?DS18B20_READBYTE?DS18B20                -----    -----      0049H    0002H
  +--> ?PR?_DELAY_US?DELAY

?PR?PRINTF?PRINTF                           0020H.0  0001H.1    0044H    001CH
  +--> ?PR?PUTCHAR?PUTCHAR

?PR?TEST_HN_IR1838T?CONTROL                 -----    -----      0022H    0004H
  +--> ?PR?INFR_GETCODE?TIMER
  +--> ?PR?TEST_LED_DON?CONTROL
  +--> ?PR?_DELAY_MS?DELAY
  +--> ?PR?TEST_COICHIP_RELAY?CONTROL
  +--> ?PR?LCD1602_INIT?LCD1602
  +--> ?PR?LCD1602_CLEAR?LCD1602
  +--> ?PR?_LCD1602_GOTOXY?LCD1602
  +--> ?CO?CONTROL
  +--> ?PR?_LCD1602_PUTS?LCD1602

?PR?INFR_GETCODE?TIMER                      -----    -----      0026H    0002H
  +--> ?PR?INFR_CHECKSTART?TIMER
  +--> ?PR?DELAY_TIMER_750US?TIMER
  +--> ?PR?_DELAY_MS?DELAY

?PR?INFR_CHECKSTART?TIMER                   -----    -----      -----    -----
BL51 BANKED LINKER/LOCATER V6.22                                                      11/24/2015  13:41:31  PAGE 5


  +--> ?PR?DELAY_TIMER_500US?TIMER
  +--> ?PR?DELAY_TIMER_200US?TIMER

?PR?TEST_LED_DON?CONTROL                    -----    -----      0026H    0004H
  +--> ?PR?_DELAY_US?DELAY
  +--> ?PR?LCD1602_INIT?LCD1602
  +--> ?PR?LCD1602_CLEAR?LCD1602
  +--> ?PR?_LCD1602_GOTOXY?LCD1602
  +--> ?CO?CONTROL
  +--> ?PR?_LCD1602_PUTS?LCD1602
  +--> ?PR?_DELAY_MS?DELAY

?PR?TEST_COICHIP_RELAY?CONTROL              -----    -----      -----    -----
  +--> ?PR?LCD1602_INIT?LCD1602
  +--> ?PR?LCD1602_CLEAR?LCD1602
  +--> ?PR?_LCD1602_GOTOXY?LCD1602
  +--> ?CO?CONTROL
  +--> ?PR?_LCD1602_PUTS?LCD1602
  +--> ?PR?_DELAY_MS?DELAY



SYMBOL TABLE OF MODULE:  .\HEX\TEST89S52V2 (?C_STARTUP)

  VALUE           TYPE          NAME
  ----------------------------------

  -------         MODULE        ?C_STARTUP
  C:0E3AH         SEGMENT       ?C_C51STARTUP
  I:0060H         SEGMENT       ?STACK
  C:0000H         PUBLIC        ?C_STARTUP
  D:00E0H         SYMBOL        ACC
  D:00F0H         SYMBOL        B
  D:0083H         SYMBOL        DPH
  D:0082H         SYMBOL        DPL
  N:0000H         SYMBOL        IBPSTACK
  N:0100H         SYMBOL        IBPSTACKTOP
  N:0080H         SYMBOL        IDATALEN
  C:0E3DH         SYMBOL        IDATALOOP
  N:0000H         SYMBOL        PBPSTACK
  N:0100H         SYMBOL        PBPSTACKTOP
  N:0000H         SYMBOL        PDATALEN
  N:0000H         SYMBOL        PDATASTART
  N:0000H         SYMBOL        PPAGE
  N:0000H         SYMBOL        PPAGEENABLE
  D:00A0H         SYMBOL        PPAGE_SFR
  D:0081H         SYMBOL        SP
  C:0E3AH         SYMBOL        STARTUP1
  N:0000H         SYMBOL        XBPSTACK
  N:0000H         SYMBOL        XBPSTACKTOP
  N:0000H         SYMBOL        XDATALEN
  N:0000H         SYMBOL        XDATASTART
  C:0000H         LINE#         126
  C:0E3AH         LINE#         133
  C:0E3CH         LINE#         134
  C:0E3DH         LINE#         135
  C:0E3EH         LINE#         136
BL51 BANKED LINKER/LOCATER V6.22                                                      11/24/2015  13:41:31  PAGE 6


  C:0E40H         LINE#         185
  C:0E43H         LINE#         196
  -------         ENDMOD        ?C_STARTUP

  -------         MODULE        MAIN
  C:0000H         SYMBOL        _ICE_DUMMY_
  B:00B0H.6       PUBLIC        P3_6
  C:1348H         PUBLIC        main
  -------         PROC          MAIN
  C:1348H         LINE#         23
  C:1348H         LINE#         24
  C:1348H         LINE#         26
  C:134BH         LINE#         27
  C:1352H         LINE#         28
  C:1354H         LINE#         29
  C:1354H         LINE#         30
  C:1354H         LINE#         31
  C:1357H         LINE#         33
  -------         ENDPROC       MAIN
  -------         ENDMOD        MAIN

  -------         MODULE        DELAY
  C:0000H         SYMBOL        _ICE_DUMMY_
  C:0003H         PUBLIC        _delay_ms
  C:1265H         PUBLIC        _delay_us
  -------         PROC          _DELAY_MS
  D:0006H         SYMBOL        Time
  -------         DO            
  D:0004H         SYMBOL        i
  D:0002H         SYMBOL        j
  D:0006H         SYMBOL        t
  -------         ENDDO         
  C:0003H         LINE#         9
  C:0003H         LINE#         10
  C:0003H         LINE#         12
  C:0003H         LINE#         13
  C:000DH         LINE#         14
  C:000DH         LINE#         15
  C:001BH         LINE#         16
  C:0022H         LINE#         17
  -------         ENDPROC       _DELAY_MS
  -------         PROC          _DELAY_US
  D:0006H         SYMBOL        Time
  -------         DO            
  D:0004H         SYMBOL        i
  D:0002H         SYMBOL        j
  -------         ENDDO         
  C:1265H         LINE#         18
  C:1265H         LINE#         19
  C:1265H         LINE#         21
  C:126FH         LINE#         22
  C:126FH         LINE#         23
  C:127DH         LINE#         24
  C:1284H         LINE#         25
  -------         ENDPROC       _DELAY_US
  -------         ENDMOD        DELAY

BL51 BANKED LINKER/LOCATER V6.22                                                      11/24/2015  13:41:31  PAGE 7


  -------         MODULE        LCD1602
  C:0000H         SYMBOL        _ICE_DUMMY_
  C:1243H         PUBLIC        _lcd1602_gotoxy
  B:0080H.5       PUBLIC        P0_5
  C:1060H         PUBLIC        lcd1602_init
  B:00A0H.4       PUBLIC        P2_4
  B:0080H.6       PUBLIC        P0_6
  B:00A0H.5       PUBLIC        P2_5
  B:0080H.7       PUBLIC        P0_7
  B:00A0H.6       PUBLIC        P2_6
  B:00A0H.7       PUBLIC        P2_7
  C:11D0H         PUBLIC        _lcd1602_puts
  C:12DAH         PUBLIC        lcd1602_enable
  C:12ECH         PUBLIC        _lcd1602_send_command
  C:1383H         PUBLIC        _lcd1602_putchar
  C:12A3H         PUBLIC        _lcd1602_send_4bit_data
  C:138BH         PUBLIC        lcd1602_clear
  -------         PROC          L?0013
  -------         ENDPROC       L?0013
  -------         PROC          LCD1602_ENABLE
  C:12DAH         LINE#         21
  C:12DAH         LINE#         22
  C:12DAH         LINE#         23
  C:12DCH         LINE#         24
  C:12E3H         LINE#         25
  C:12E5H         LINE#         26
  -------         ENDPROC       LCD1602_ENABLE
  -------         PROC          _LCD1602_SEND_4BIT_DATA
  D:0007H         SYMBOL        cX
  C:12A3H         LINE#         30
  C:12A3H         LINE#         31
  C:12A3H         LINE#         32
  C:12A7H         LINE#         33
  C:12ADH         LINE#         34
  C:12B5H         LINE#         35
  C:12BEH         LINE#         36
  -------         ENDPROC       _LCD1602_SEND_4BIT_DATA
  -------         PROC          _LCD1602_SEND_COMMAND
  D:0047H         SYMBOL        cX
  C:12ECH         LINE#         40
  C:12EEH         LINE#         41
  C:12EEH         LINE#         42
  C:12F4H         LINE#         43
  C:12F7H         LINE#         44
  C:12FCH         LINE#         45
  -------         ENDPROC       _LCD1602_SEND_COMMAND
  -------         PROC          LCD1602_INIT
  C:1060H         LINE#         50
  C:1060H         LINE#         51
  C:1060H         LINE#         52
  C:1065H         LINE#         53
  C:106CH         LINE#         55
  C:106EH         LINE#         56
  C:1070H         LINE#         57
  C:1072H         LINE#         59
  C:1074H         LINE#         60
  C:1077H         LINE#         61
BL51 BANKED LINKER/LOCATER V6.22                                                      11/24/2015  13:41:31  PAGE 8


  C:107AH         LINE#         62
  C:107DH         LINE#         63
  C:1082H         LINE#         64
  C:1085H         LINE#         66
  C:108AH         LINE#         67
  C:108FH         LINE#         68
  C:1094H         LINE#         69
  C:1099H         LINE#         70
  -------         ENDPROC       LCD1602_INIT
  -------         PROC          _LCD1602_GOTOXY
  D:0007H         SYMBOL        x
  D:0005H         SYMBOL        y
  -------         DO            
  D:0044H         SYMBOL        address
  -------         ENDDO         
  C:1243H         LINE#         75
  C:1243H         LINE#         76
  C:1243H         LINE#         78
  C:1246H         LINE#         79
  C:124DH         LINE#         81
  C:1252H         LINE#         82
  C:1259H         LINE#         83
  C:125EH         LINE#         84
  -------         ENDPROC       _LCD1602_GOTOXY
  -------         PROC          LCD1602_CLEAR
  C:138BH         LINE#         89
  C:138BH         LINE#         90
  C:138BH         LINE#         91
  -------         ENDPROC       LCD1602_CLEAR
  -------         PROC          _LCD1602_PUTCHAR
  D:0006H         SYMBOL        cX
  C:1383H         LINE#         97
  C:1383H         LINE#         98
  C:1383H         LINE#         99
  C:1385H         LINE#         100
  C:1388H         LINE#         101
  C:138AH         LINE#         102
  -------         ENDPROC       _LCD1602_PUTCHAR
  -------         PROC          _LCD1602_PUTS
  D:0044H         SYMBOL        s
  C:11D0H         LINE#         106
  C:11D6H         LINE#         107
  C:11D6H         LINE#         108
  C:11E2H         LINE#         109
  C:11E2H         LINE#         110
  C:11E9H         LINE#         111
  C:11F4H         LINE#         112
  C:11F6H         LINE#         113
  -------         ENDPROC       _LCD1602_PUTS
  -------         ENDMOD        LCD1602

  -------         MODULE        UART
  C:0000H         SYMBOL        _ICE_DUMMY_
  C:137AH         PUBLIC        Ngat_Uart
  B:00A8H.4       PUBLIC        ES
  D:00B8H         PUBLIC        IP
  B:0098H.0       PUBLIC        RI
BL51 BANKED LINKER/LOCATER V6.22                                                      11/24/2015  13:41:31  PAGE 9


  B:0098H.1       PUBLIC        TI
  D:00CBH         PUBLIC        RCAP2H
  D:00CAH         PUBLIC        RCAP2L
  B:00C8H.5       PUBLIC        RCLK
  B:00C8H.4       PUBLIC        TCLK
  D:0099H         PUBLIC        SBUF
  D:0087H         PUBLIC        PCON
  C:12BFH         PUBLIC        UART_Init
  D:0098H         PUBLIC        SCON
  C:1370H         PUBLIC        UART_GetChar
  C:12FFH         PUBLIC        _UART_Puts
  B:00C8H.2       PUBLIC        TR2
  C:1366H         PUBLIC        _UART_PutChar
  D:0012H         SYMBOL        tran_busy
  -------         PROC          UART_INIT
  C:12BFH         LINE#         3
  C:12BFH         LINE#         4
  C:12BFH         LINE#         13
  C:12C1H         LINE#         14
  C:12C3H         LINE#         15
  C:12C6H         LINE#         16
  C:12C9H         LINE#         17
  C:12CBH         LINE#         19
  C:12CDH         LINE#         20
  C:12D0H         LINE#         21
  C:12D3H         LINE#         22
  C:12D6H         LINE#         23
  -------         ENDPROC       UART_INIT
  -------         PROC          _UART_PUTCHAR
  D:0007H         SYMBOL        c
  C:1366H         LINE#         24
  C:1366H         LINE#         25
  C:1366H         LINE#         26
  C:1369H         LINE#         27
  C:136BH         LINE#         28
  C:136FH         LINE#         29
  -------         ENDPROC       _UART_PUTCHAR
  -------         PROC          UART_GETCHAR
  -------         DO            
  D:0007H         SYMBOL        temp
  -------         ENDDO         
  C:1370H         LINE#         30
  C:1370H         LINE#         31
  C:1370H         LINE#         32
  C:1372H         LINE#         33
  C:1375H         LINE#         34
  C:1375H         LINE#         35
  C:1377H         LINE#         36
  C:1379H         LINE#         37
  C:1379H         LINE#         38
  C:1379H         LINE#         39
  -------         ENDPROC       UART_GETCHAR
  -------         PROC          NGAT_UART
  C:137AH         LINE#         41
  C:137AH         LINE#         43
  C:137DH         LINE#         44
  C:137DH         LINE#         45
BL51 BANKED LINKER/LOCATER V6.22                                                      11/24/2015  13:41:31  PAGE 10


  C:137FH         LINE#         46
  C:1382H         LINE#         47
  C:1382H         LINE#         48
  -------         ENDPROC       NGAT_UART
  -------         PROC          _UART_PUTS
  D:0001H         SYMBOL        s
  C:12FFH         LINE#         49
  C:12FFH         LINE#         50
  C:12FFH         LINE#         51
  C:1305H         LINE#         52
  C:1305H         LINE#         53
  C:1308H         LINE#         54
  C:130FH         LINE#         55
  C:1311H         LINE#         56
  -------         ENDPROC       _UART_PUTS
  -------         ENDMOD        UART

  -------         MODULE        DS18B20
  C:0000H         SYMBOL        _ICE_DUMMY_
  B:00B0H.7       PUBLIC        P3_7
  C:1152H         PUBLIC        DS18B20_Init
  C:117DH         PUBLIC        ds18b20_readbyte
  C:0F47H         PUBLIC        ds18b20_readtemp
  C:11A8H         PUBLIC        _ds18b20_writebyte
  B:0021H.1       SYMBOL        presence
  -------         PROC          DS18B20_INIT
  C:1152H         LINE#         24
  C:1152H         LINE#         25
  C:1152H         LINE#         26
  C:1154H         LINE#         27
  C:115BH         LINE#         28
  C:115DH         LINE#         29
  C:1164H         LINE#         30
  C:1166H         LINE#         31
  C:116DH         LINE#         32
  C:1171H         LINE#         33
  C:1178H         LINE#         34
  C:117AH         LINE#         35
  C:117CH         LINE#         36
  -------         ENDPROC       DS18B20_INIT
  -------         PROC          DS18B20_READBYTE
  -------         DO            
  D:0049H         SYMBOL        i
  D:004AH         SYMBOL        Data
  -------         ENDDO         
  C:117DH         LINE#         41
  C:117DH         LINE#         42
  C:117DH         LINE#         43
  C:1180H         LINE#         44
  C:1182H         LINE#         45
  C:1185H         LINE#         46
  C:1185H         LINE#         47
  C:1187H         LINE#         48
  C:118DH         LINE#         49
  C:118FH         LINE#         50
  C:1192H         LINE#         51
  C:1195H         LINE#         52
BL51 BANKED LINKER/LOCATER V6.22                                                      11/24/2015  13:41:31  PAGE 11


  C:119CH         LINE#         53
  C:11A5H         LINE#         54
  C:11A7H         LINE#         55
  -------         ENDPROC       DS18B20_READBYTE
  -------         PROC          _DS18B20_WRITEBYTE
  D:0049H         SYMBOL        Data
  -------         DO            
  D:004AH         SYMBOL        i
  -------         ENDDO         
  C:11A8H         LINE#         60
  C:11AAH         LINE#         61
  C:11AAH         LINE#         62
  C:11ADH         LINE#         63
  C:11B0H         LINE#         64
  C:11B0H         LINE#         65
  C:11B2H         LINE#         66
  C:11B7H         LINE#         67
  C:11BEH         LINE#         68
  C:11C0H         LINE#         69
  C:11C6H         LINE#         70
  C:11CFH         LINE#         71
  -------         ENDPROC       _DS18B20_WRITEBYTE
  -------         PROC          DS18B20_READTEMP
  -------         DO            
  D:0044H         SYMBOL        temp
  D:0048H         SYMBOL        a
  D:0007H         SYMBOL        b
  -------         ENDDO         
  C:0F47H         LINE#         76
  C:0F47H         LINE#         77
  C:0F47H         LINE#         80
  C:0F4AH         LINE#         81
  C:0F4FH         LINE#         82
  C:0F54H         LINE#         83
  C:0F57H         LINE#         84
  C:0F5CH         LINE#         85
  C:0F61H         LINE#         87
  C:0F66H         LINE#         88
  C:0F81H         LINE#         89
  C:0F84H         LINE#         90
  C:0F96H         LINE#         91
  C:0FBEH         LINE#         92
  C:0FBEH         LINE#         93
  -------         ENDPROC       DS18B20_READTEMP
  -------         ENDMOD        DS18B20

  -------         MODULE        TIMER
  C:0000H         SYMBOL        _ICE_DUMMY_
  C:1285H         PUBLIC        INFR_CheckStart
  B:00B0H.2       PUBLIC        P3_2
  C:1118H         PUBLIC        INFR_GetCode
  B:0088H.5       PUBLIC        TF0
  D:008CH         PUBLIC        TH0
  D:008AH         PUBLIC        TL0
  B:0088H.4       PUBLIC        TR0
  C:1324H         PUBLIC        delay_timer_200us
  C:1312H         PUBLIC        delay_timer_500us
BL51 BANKED LINKER/LOCATER V6.22                                                      11/24/2015  13:41:31  PAGE 12


  C:1336H         PUBLIC        delay_timer_750us
  -------         PROC          DELAY_TIMER_500US
  C:1312H         LINE#         2
  C:1312H         LINE#         3
  C:1312H         LINE#         4
  C:1315H         LINE#         5
  C:1318H         LINE#         6
  C:131AH         LINE#         7
  C:131CH         LINE#         8
  C:131FH         LINE#         9
  C:1321H         LINE#         10
  C:1323H         LINE#         11
  -------         ENDPROC       DELAY_TIMER_500US
  -------         PROC          DELAY_TIMER_200US
  C:1324H         LINE#         13
  C:1324H         LINE#         14
  C:1324H         LINE#         15
  C:1327H         LINE#         16
  C:132AH         LINE#         17
  C:132CH         LINE#         18
  C:132EH         LINE#         19
  C:1331H         LINE#         20
  C:1333H         LINE#         21
  C:1335H         LINE#         22
  -------         ENDPROC       DELAY_TIMER_200US
  -------         PROC          DELAY_TIMER_750US
  C:1336H         LINE#         24
  C:1336H         LINE#         25
  C:1336H         LINE#         26
  C:1339H         LINE#         27
  C:133CH         LINE#         28
  C:133EH         LINE#         29
  C:1340H         LINE#         30
  C:1343H         LINE#         31
  C:1345H         LINE#         32
  C:1347H         LINE#         33
  -------         ENDPROC       DELAY_TIMER_750US
  -------         PROC          INFR_CHECKSTART
  -------         DO            
  D:0007H         SYMBOL        i
  -------         ENDDO         
  C:1285H         LINE#         35
  C:1285H         LINE#         36
  C:1285H         LINE#         38
  C:1288H         LINE#         39
  C:1288H         LINE#         40
  C:128BH         LINE#         41
  C:128EH         LINE#         42
  C:128EH         LINE#         43
  C:1290H         LINE#         44
  C:1290H         LINE#         45
  C:1293H         LINE#         46
  C:1299H         LINE#         47
  C:129DH         LINE#         48
  C:12A0H         LINE#         50
  C:12A0H         LINE#         52
  C:12A0H         LINE#         53
BL51 BANKED LINKER/LOCATER V6.22                                                      11/24/2015  13:41:31  PAGE 13


  C:12A2H         LINE#         54
  -------         ENDPROC       INFR_CHECKSTART
  -------         PROC          INFR_GETCODE
  -------         DO            
  D:0005H         SYMBOL        i
  D:0026H         SYMBOL        data_infr
  -------         ENDDO         
  C:1118H         LINE#         57
  C:1118H         LINE#         58
  C:1118H         LINE#         60
  C:111DH         LINE#         61
  C:1123H         LINE#         62
  C:1123H         LINE#         63
  C:1126H         LINE#         64
  C:1128H         LINE#         65
  C:1128H         LINE#         66
  C:112BH         LINE#         67
  C:1136H         LINE#         68
  C:113CH         LINE#         69
  C:113FH         LINE#         70
  C:1142H         LINE#         71
  C:1146H         LINE#         72
  C:114DH         LINE#         73
  C:114DH         LINE#         74
  C:1151H         LINE#         75
  -------         ENDPROC       INFR_GETCODE
  -------         ENDMOD        TIMER

  -------         MODULE        CONTROL
  C:0000H         SYMBOL        _ICE_DUMMY_
  D:0080H         PUBLIC        P0
  D:0090H         PUBLIC        P1
  D:00A0H         PUBLIC        P2
  D:00B0H         PUBLIC        P3
  D:0008H         SYMBOL        chu_so
  B:00A8H.7       PUBLIC        EA
  B:00B0H.2       PUBLIC        P3_2
  B:00B0H.3       PUBLIC        P3_3
  B:00B0H.4       PUBLIC        P3_4
  B:00B0H.5       PUBLIC        P3_5
  B:00B0H.6       PUBLIC        P3_6
  C:0AD8H         PUBLIC        Test_Led_Don
  C:109EH         PUBLIC        Test_Coichip_Relay
  D:0089H         PUBLIC        TMOD
  C:0EC6H         PUBLIC        Test_HN_IR1838T
  C:1016H         PUBLIC        Test_UART
  C:0D95H         PUBLIC        Test_Led7
  C:0FBFH         PUBLIC        Test_Ds18b20
  C:121EH         PUBLIC        Test_LCD16x2
  C:10DCH         PUBLIC        Test_Key_2x2
  C:0BF0H         PUBLIC        _LED7_Display1
  -------         PROC          TEST_LED_DON
  -------         DO            
  D:0026H         SYMBOL        i
  D:0028H         SYMBOL        j
  -------         ENDDO         
  C:0AD8H         LINE#         11
BL51 BANKED LINKER/LOCATER V6.22                                                      11/24/2015  13:41:31  PAGE 14


  C:0AD8H         LINE#         12
  C:0AD8H         LINE#         13
  C:0ADEH         LINE#         14
  C:0AE1H         LINE#         15
  C:0AE7H         LINE#         16
  C:0AEAH         LINE#         17
  C:0AEDH         LINE#         18
  C:0AF3H         LINE#         19
  C:0AFCH         LINE#         20
  C:0B03H         LINE#         21
  C:0B0CH         LINE#         22
  C:0B13H         LINE#         23
  C:0B16H         LINE#         24
  C:0B18H         LINE#         25
  C:0B1AH         LINE#         26
  C:0B1CH         LINE#         27
  C:0B2CH         LINE#         28
  C:0B2CH         LINE#         29
  C:0B31H         LINE#         30
  C:0B31H         LINE#         31
  C:0B41H         LINE#         32
  C:0B48H         LINE#         33
  C:0B5BH         LINE#         34
  C:0B60H         LINE#         35
  C:0B60H         LINE#         36
  C:0B70H         LINE#         37
  C:0B77H         LINE#         38
  C:0B8AH         LINE#         39
  C:0B8FH         LINE#         40
  C:0B8FH         LINE#         41
  C:0B9FH         LINE#         42
  C:0BA6H         LINE#         43
  C:0BB9H         LINE#         44
  C:0BCEH         LINE#         45
  C:0BCEH         LINE#         46
  C:0BDEH         LINE#         47
  C:0BE5H         LINE#         48
  C:0BEFH         LINE#         49
  C:0BEFH         LINE#         50
  -------         ENDPROC       TEST_LED_DON
  -------         PROC          TEST_KEY_2X2
  C:10DCH         LINE#         52
  C:10DCH         LINE#         53
  C:10DCH         LINE#         54
  C:10E3H         LINE#         55
  C:10E6H         LINE#         56
  C:10E6H         LINE#         57
  C:10EDH         LINE#         58
  C:10F0H         LINE#         59
  C:10F0H         LINE#         60
  C:10F3H         LINE#         61
  C:10F3H         LINE#         62
  C:10FAH         LINE#         63
  C:10FDH         LINE#         64
  C:10FDH         LINE#         65
  C:1100H         LINE#         66
  C:1100H         LINE#         67
BL51 BANKED LINKER/LOCATER V6.22                                                      11/24/2015  13:41:31  PAGE 15


  C:1107H         LINE#         68
  C:110AH         LINE#         69
  C:110AH         LINE#         70
  C:110DH         LINE#         71
  C:110DH         LINE#         72
  C:1114H         LINE#         73
  C:1117H         LINE#         75
  C:1117H         LINE#         76
  -------         ENDPROC       TEST_KEY_2X2
  -------         PROC          TEST_LED7
  -------         DO            
  D:0022H         SYMBOL        i
  D:0024H         SYMBOL        j
  -------         ENDDO         
  C:0D95H         LINE#         78
  C:0D95H         LINE#         79
  C:0D95H         LINE#         81
  C:0D9AH         LINE#         83
  C:0D9DH         LINE#         84
  C:0DA0H         LINE#         85
  C:0DA6H         LINE#         86
  C:0DAFH         LINE#         87
  C:0DB2H         LINE#         88
  C:0DB4H         LINE#         89
  C:0DBBH         LINE#         90
  C:0DC0H         LINE#         91
  C:0DC0H         LINE#         92
  C:0DD0H         LINE#         93
  C:0DD7H         LINE#         94
  C:0DE8H         LINE#         95
  C:0DEBH         LINE#         96
  C:0DEBH         LINE#         97
  C:0DEEH         LINE#         98
  C:0DFDH         LINE#         99
  C:0E04H         LINE#         100
  C:0E0DH         LINE#         101
  C:0E12H         LINE#         102
  C:0E12H         LINE#         103
  C:0E15H         LINE#         104
  C:0E15H         LINE#         105
  C:0E1FH         LINE#         106
  C:0E28H         LINE#         107
  C:0E39H         LINE#         108
  -------         ENDPROC       TEST_LED7
  -------         PROC          _LED7_DISPLAY1
  D:0025H         SYMBOL        number
  -------         DO            
  D:0029H         SYMBOL        nghin
  D:002AH         SYMBOL        tram
  D:002BH         SYMBOL        chuc
  D:002CH         SYMBOL        don_vi
  -------         ENDDO         
  C:0BF0H         LINE#         110
  C:0BF8H         LINE#         111
  C:0BF8H         LINE#         113
  C:0C28H         LINE#         114
  C:0C5EH         LINE#         115
BL51 BANKED LINKER/LOCATER V6.22                                                      11/24/2015  13:41:31  PAGE 16


  C:0C83H         LINE#         116
  C:0C97H         LINE#         117
  C:0C9AH         LINE#         118
  C:0CA2H         LINE#         119
  C:0CA5H         LINE#         120
  C:0CACH         LINE#         121
  C:0CAFH         LINE#         122
  C:0CB7H         LINE#         123
  C:0CBAH         LINE#         124
  C:0CC1H         LINE#         125
  C:0CC4H         LINE#         126
  C:0CCCH         LINE#         127
  C:0CCFH         LINE#         128
  C:0CD6H         LINE#         129
  C:0CD9H         LINE#         130
  C:0CE1H         LINE#         131
  C:0CE4H         LINE#         132
  C:0CEBH         LINE#         133
  C:0CEEH         LINE#         134
  -------         ENDPROC       _LED7_DISPLAY1
  -------         PROC          TEST_LCD16X2
  C:121EH         LINE#         135
  C:121EH         LINE#         136
  C:121EH         LINE#         137
  C:1221H         LINE#         138
  C:1224H         LINE#         139
  C:122AH         LINE#         140
  C:1233H         LINE#         141
  C:123AH         LINE#         142
  -------         ENDPROC       TEST_LCD16X2
  -------         PROC          TEST_COICHIP_RELAY
  C:109EH         LINE#         147
  C:109EH         LINE#         148
  C:109EH         LINE#         149
  C:10A0H         LINE#         150
  C:10A2H         LINE#         152
  C:10A5H         LINE#         153
  C:10A8H         LINE#         154
  C:10AEH         LINE#         155
  C:10B7H         LINE#         156
  C:10BEH         LINE#         157
  C:10C7H         LINE#         159
  C:10CEH         LINE#         160
  C:10D0H         LINE#         161
  C:10D2H         LINE#         162
  C:10D9H         LINE#         163
  C:10DBH         LINE#         166
  -------         ENDPROC       TEST_COICHIP_RELAY
  -------         PROC          TEST_UART
  -------         DO            
  D:0022H         SYMBOL        Uart_char
  -------         ENDDO         
  C:1016H         LINE#         168
  C:1016H         LINE#         169
  C:1016H         LINE#         172
  C:1019H         LINE#         173
  C:101BH         LINE#         174
BL51 BANKED LINKER/LOCATER V6.22                                                      11/24/2015  13:41:31  PAGE 17


  C:1024H         LINE#         175
  C:1027H         LINE#         176
  C:102AH         LINE#         177
  C:1030H         LINE#         178
  C:1039H         LINE#         179
  C:1040H         LINE#         181
  C:1045H         LINE#         182
  C:1045H         LINE#         183
  C:1045H         LINE#         184
  C:104AH         LINE#         185
  C:104EH         LINE#         186
  C:104EH         LINE#         187
  C:1051H         LINE#         188
  C:1057H         LINE#         189
  C:105EH         LINE#         190
  C:105EH         LINE#         191
  -------         ENDPROC       TEST_UART
  -------         PROC          TEST_DS18B20
  -------         DO            
  D:0022H         SYMBOL        Nhiet_Do
  D:0026H         SYMBOL        Lcd_Buff
  -------         ENDDO         
  C:0FBFH         LINE#         194
  C:0FBFH         LINE#         195
  C:0FBFH         LINE#         198
  C:0FC2H         LINE#         199
  C:0FC5H         LINE#         200
  C:0FC5H         LINE#         201
  C:0FC5H         LINE#         202
  C:0FD0H         LINE#         203
  C:0FD6H         LINE#         204
  C:0FDFH         LINE#         205
  C:0FFDH         LINE#         206
  C:1004H         LINE#         207
  C:100DH         LINE#         208
  C:1014H         LINE#         209
  -------         ENDPROC       TEST_DS18B20
  -------         PROC          TEST_HN_IR1838T
  -------         DO            
  D:0022H         SYMBOL        Data
  -------         ENDDO         
  C:0EC6H         LINE#         211
  C:0EC6H         LINE#         212
  C:0EC6H         LINE#         216
  C:0EC9H         LINE#         218
  C:0EC9H         LINE#         219
  C:0EC9H         LINE#         220
  C:0ED5H         LINE#         222
  C:0EE9H         LINE#         223
  C:0EE9H         LINE#         224
  C:0EECH         LINE#         225
  C:0EF3H         LINE#         226
  C:0EF3H         LINE#         227
  C:0F08H         LINE#         228
  C:0F08H         LINE#         229
  C:0F0BH         LINE#         231
  C:0F0BH         LINE#         232
BL51 BANKED LINKER/LOCATER V6.22                                                      11/24/2015  13:41:31  PAGE 18


  C:0F20H         LINE#         233
  C:0F20H         LINE#         234
  C:0F23H         LINE#         235
  C:0F26H         LINE#         236
  C:0F2CH         LINE#         237
  C:0F35H         LINE#         238
  C:0F3CH         LINE#         239
  C:0F45H         LINE#         240
  C:0F45H         LINE#         241
  -------         ENDPROC       TEST_HN_IR1838T
  -------         ENDMOD        CONTROL

  -------         MODULE        ?C?FPADD
  C:002DH         PUBLIC        ?C?FPADD
  C:0029H         PUBLIC        ?C?FPSUB
  -------         ENDMOD        ?C?FPADD

  -------         MODULE        ?C?FPDIV
  C:0121H         PUBLIC        ?C?FPDIV
  -------         ENDMOD        ?C?FPDIV

  -------         MODULE        ?C?FCAST
  C:01C8H         PUBLIC        ?C?FCASTC
  C:01C3H         PUBLIC        ?C?FCASTI
  C:01BEH         PUBLIC        ?C?FCASTL
  -------         ENDMOD        ?C?FCAST

  -------         MODULE        PRINTF
  D:0044H         PUBLIC        ?_PRINTF?BYTE
  D:0044H         PUBLIC        ?_SPRINTF?BYTE
  C:06CBH         PUBLIC        _PRINTF
  C:06C5H         PUBLIC        _SPRINTF
  -------         ENDMOD        PRINTF

  -------         MODULE        ?C?FPROUND
  C:0246H         PUBLIC        ?C?FPROUND
  -------         ENDMOD        ?C?FPROUND

  -------         MODULE        ?C?FPCONVERT
  C:0275H         PUBLIC        ?C?FPCONVERT
  -------         ENDMOD        ?C?FPCONVERT

  -------         MODULE        ?C?FPMUL
  C:0378H         PUBLIC        ?C?FPMUL
  -------         ENDMOD        ?C?FPMUL

  -------         MODULE        ?C?FTNPWR
  C:04AEH         PUBLIC        ?C?FTNPWR
  -------         ENDMOD        ?C?FTNPWR

  -------         MODULE        ?C?CLDPTR
  C:04EEH         PUBLIC        ?C?CLDPTR
  -------         ENDMOD        ?C?CLDPTR

  -------         MODULE        ?C?CLDOPTR
  C:0507H         PUBLIC        ?C?CLDOPTR
  -------         ENDMOD        ?C?CLDOPTR
BL51 BANKED LINKER/LOCATER V6.22                                                      11/24/2015  13:41:31  PAGE 19



  -------         MODULE        ?C?CSTPTR
  C:0534H         PUBLIC        ?C?CSTPTR
  -------         ENDMOD        ?C?CSTPTR

  -------         MODULE        ?C?ULDIV
  C:0582H         PUBLIC        ?C?ULDIV
  -------         ENDMOD        ?C?ULDIV

  -------         MODULE        ?C?LNEG
  C:0614H         PUBLIC        ?C?LNEG
  -------         ENDMOD        ?C?LNEG

  -------         MODULE        ?C?ULCMP
  C:0622H         PUBLIC        ?C?ULCMP
  -------         ENDMOD        ?C?ULCMP

  -------         MODULE        ?C?PLDIIDATA
  C:0633H         PUBLIC        ?C?PLDIIDATA
  -------         ENDMOD        ?C?PLDIIDATA

  -------         MODULE        ?C?CCASE
  C:0643H         PUBLIC        ?C?CCASE
  -------         ENDMOD        ?C?CCASE

  -------         MODULE        PUTCHAR
  C:11F7H         PUBLIC        _PUTCHAR
  -------         ENDMOD        PUTCHAR

Program Size: data=83.2 xdata=0 code=5008
LINK/LOCATE RUN COMPLETE.  0 WARNING(S),  0 ERROR(S)
